// Jest Snapshot v1, https://goo.gl/fbAQLP

exports[`UI primitives shows section titles and dividers 1`] = `
[
  <Text
    style={
      [
        {
          "color": "#101828",
          "fontSize": 16,
          "fontWeight": "800",
          "letterSpacing": 0.3,
          "marginBottom": 8,
          "marginTop": 20,
        },
        undefined,
      ]
    }
  >
    Saved places
  </Text>,
  <View
    style={
      [
        {
          "backgroundColor": "#E2E8F0",
          "height": 1,
          "marginVertical": 14,
        },
        undefined,
      ]
    }
  />,
]
`;
